Component: ARM Compiler 5.06 update 5 (build 528) Tool: armlink [4d35e2]

==============================================================================

Section Cross References

    main_user.o(i.IT_Principale) refers to mppt.o(i.Input_Voltage) for Input_Voltage
    main_user.o(i.IT_Principale) refers to fadd.o(.text) for __aeabi_fadd
    main_user.o(i.IT_Principale) refers to mppt.o(i.Input_Current) for Input_Current
    main_user.o(i.IT_Principale) refers to fdiv.o(.text) for __aeabi_fdiv
    main_user.o(i.IT_Principale) refers to main_user.o(.data) for duty_cycle
    main_user.o(i.IT_Principale) refers to toolbox_nrj_v4.o(.data) for Resolution
    main_user.o(i.main) refers to mppt.o(i.Initialise_Olimex) for Initialise_Olimex
    main_user.o(i.main) refers to mppt.o(i.Configure_IT) for Configure_IT
    main_user.o(i.main) refers to ffixi.o(.text) for __aeabi_f2iz
    main_user.o(i.main) refers to fmul.o(.text) for __aeabi_fmul
    main_user.o(i.main) refers to main_user.o(i.IT_Principale) for IT_Principale
    main_user.o(i.main) refers to main_user.o(.data) for Dprev
    main_user.o(i.main) refers to toolbox_nrj_v4.o(.data) for Resolution
    toolbox_nrj_v4.o(i.Conf_ADC) refers to adc_dma.o(.text) for Init_TimingADC_ActiveADC
    toolbox_nrj_v4.o(i.Conf_Generale_IO_Carte) refers to clock.o(i.CLOCK_Configure) for CLOCK_Configure
    toolbox_nrj_v4.o(i.Conf_Generale_IO_Carte) refers to gpio.o(.text) for GPIO_Configure
    toolbox_nrj_v4.o(i.Conf_IT_Principale_Systick) refers to timer_systick.o(.text) for Systick_Prio_IT
    toolbox_nrj_v4.o(i.Triangle) refers to fmul.o(.text) for __aeabi_fmul
    toolbox_nrj_v4.o(i.Triangle) refers to timer_1234.o(.text) for PWM_Init
    toolbox_nrj_v4.o(i.Triangle) refers to toolbox_nrj_v4.o(.data) for Resolution
    toolbox_nrj_v4.o(i.UpRamp) refers to timer_1234.o(.text) for PWM_Init
    toolbox_nrj_v4.o(i.UpRamp) refers to toolbox_nrj_v4.o(.data) for Resolution
    mppt.o(i.Carrying_Triangle) refers to fmul.o(.text) for __aeabi_fmul
    mppt.o(i.Carrying_Triangle) refers to timer_1234.o(.text) for PWM_Init
    mppt.o(i.Carrying_Triangle) refers to toolbox_nrj_v4.o(.data) for Resolution
    mppt.o(i.Carrying_UpRamp) refers to timer_1234.o(.text) for PWM_Init
    mppt.o(i.Carrying_UpRamp) refers to toolbox_nrj_v4.o(.data) for Resolution
    mppt.o(i.Configure_ADC) refers to adc_dma.o(.text) for Init_TimingADC_ActiveADC
    mppt.o(i.Configure_IT) refers to timer_systick.o(.text) for Systick_Prio_IT
    mppt.o(i.Configure_Timer) refers to timer_1234.o(.text) for Timer_1234_Init
    mppt.o(i.Initialise_Olimex) refers to gpio.o(.text) for GPIO_Configure
    mppt.o(i.Initialise_Olimex) refers to mppt.o(i.Configure_ADC) for Configure_ADC
    mppt.o(i.Initialise_Olimex) refers to mppt.o(i.Configure_Timer) for Configure_Timer
    mppt.o(i.Initialise_Olimex) refers to mppt.o(i.Carrying_Triangle) for Carrying_Triangle
    mppt.o(i.Initialise_Olimex) refers to mppt.o(i.Activate_PWM) for Activate_PWM
    mppt.o(i.Input_Current) refers to mppt.o(i.Sensor_2) for Sensor_2
    mppt.o(i.Input_Current) refers to dflti.o(.text) for __aeabi_i2d
    mppt.o(i.Input_Current) refers to dmul.o(.text) for __aeabi_dmul
    mppt.o(i.Input_Current) refers to ddiv.o(.text) for __aeabi_ddiv
    mppt.o(i.Input_Current) refers to dadd.o(.text) for __aeabi_dsub
    mppt.o(i.Input_Current) refers to d2f.o(.text) for __aeabi_d2f
    mppt.o(i.Input_Voltage) refers to mppt.o(i.Sensor_1) for Sensor_1
    mppt.o(i.Input_Voltage) refers to dflti.o(.text) for __aeabi_i2d
    mppt.o(i.Input_Voltage) refers to ddiv.o(.text) for __aeabi_ddiv
    mppt.o(i.Input_Voltage) refers to dmul.o(.text) for __aeabi_dmul
    mppt.o(i.Input_Voltage) refers to d2f.o(.text) for __aeabi_d2f
    mppt.o(i.Output_Current) refers to mppt.o(i.Sensor_4) for Sensor_4
    mppt.o(i.Output_Current) refers to dflti.o(.text) for __aeabi_i2d
    mppt.o(i.Output_Current) refers to dmul.o(.text) for __aeabi_dmul
    mppt.o(i.Output_Current) refers to ddiv.o(.text) for __aeabi_ddiv
    mppt.o(i.Output_Current) refers to dadd.o(.text) for __aeabi_dsub
    mppt.o(i.Output_Current) refers to d2f.o(.text) for __aeabi_d2f
    mppt.o(i.Output_Voltage) refers to mppt.o(i.Sensor_3) for Sensor_3
    mppt.o(i.Output_Voltage) refers to dflti.o(.text) for __aeabi_i2d
    mppt.o(i.Output_Voltage) refers to ddiv.o(.text) for __aeabi_ddiv
    mppt.o(i.Output_Voltage) refers to dmul.o(.text) for __aeabi_dmul
    mppt.o(i.Output_Voltage) refers to d2f.o(.text) for __aeabi_d2f
    clock.o(i.CLOCK_Configure) refers to clock.o(i.CLOCK_HPRECompute) for CLOCK_HPRECompute
    startup_stm32f10x_md.o(RESET) refers to startup_stm32f10x_md.o(STACK) for __initial_sp
    startup_stm32f10x_md.o(RESET) refers to startup_stm32f10x_md.o(.text) for Reset_Handler
    startup_stm32f10x_md.o(RESET) refers to timer_systick.o(.text) for SysTick_Handler
    startup_stm32f10x_md.o(RESET) refers to timer_1234.o(.text) for TIM1_UP_IRQHandler
    startup_stm32f10x_md.o(.text) refers to system_stm32f10x.o(i.SystemInit) for SystemInit
    startup_stm32f10x_md.o(.text) refers to entry.o(.ARM.Collect$$$$00000000) for __main
    system_stm32f10x.o(i.SetSysClock) refers to system_stm32f10x.o(i.SetSysClockTo72) for SetSysClockTo72
    system_stm32f10x.o(i.SystemCoreClockUpdate) refers to system_stm32f10x.o(.data) for SystemCoreClock
    system_stm32f10x.o(i.SystemInit) refers to system_stm32f10x.o(i.SetSysClock) for SetSysClock
    timer_systick.o(.text) refers to clock.o(i.CLOCK_GetHCLK) for CLOCK_GetHCLK
    timer_systick.o(.text) refers to ffltui.o(.text) for __aeabi_ui2f
    timer_systick.o(.text) refers to fmul.o(.text) for __aeabi_fmul
    timer_systick.o(.text) refers to f2d.o(.text) for __aeabi_f2d
    timer_systick.o(.text) refers to ddiv.o(.text) for __aeabi_ddiv
    timer_systick.o(.text) refers to d2f.o(.text) for __aeabi_d2f
    timer_systick.o(.text) refers to ffixui.o(.text) for __aeabi_f2uiz
    timer_systick.o(.text) refers to fdiv.o(.text) for __aeabi_fdiv
    timer_systick.o(.text) refers to dmul.o(.text) for __aeabi_dmul
    timer_systick.o(.text) refers to cdrcmple.o(.text) for __aeabi_cdrcmple
    timer_systick.o(.text) refers to timer_systick.o(.data) for Ptr_Systick
    adc_dma.o(.text) refers to clock.o(i.CLOCK_GetADCCLK) for CLOCK_GetADCCLK
    adc_dma.o(.text) refers to ffltui.o(.text) for __aeabi_ui2f
    adc_dma.o(.text) refers to fmul.o(.text) for __aeabi_fmul
    adc_dma.o(.text) refers to f2d.o(.text) for __aeabi_f2d
    adc_dma.o(.text) refers to dmul.o(.text) for __aeabi_dmul
    adc_dma.o(.text) refers to d2f.o(.text) for __aeabi_d2f
    adc_dma.o(.text) refers to cdcmple.o(.text) for __aeabi_cdcmple
    adc_dma.o(.text) refers to dadd.o(.text) for __aeabi_dadd
    adc_dma.o(.text) refers to ddiv.o(.text) for __aeabi_ddiv
    adc_dma.o(.text) refers to timer_1234.o(.text) for PWM_Init
    adc_dma.o(.text) refers to adc_dma.o(.data) for Ptr_ADC1
    adc_dma.o(.text) refers to adc_dma.o(.bss) for Tab_Resu_ADC
    timer_1234.o(.text) refers to clock.o(i.CLOCK_GetTIMCLK) for CLOCK_GetTIMCLK
    timer_1234.o(.text) refers to ffltui.o(.text) for __aeabi_ui2f
    timer_1234.o(.text) refers to fmul.o(.text) for __aeabi_fmul
    timer_1234.o(.text) refers to f2d.o(.text) for __aeabi_f2d
    timer_1234.o(.text) refers to ddiv.o(.text) for __aeabi_ddiv
    timer_1234.o(.text) refers to d2f.o(.text) for __aeabi_d2f
    timer_1234.o(.text) refers to ffixui.o(.text) for __aeabi_f2uiz
    timer_1234.o(.text) refers to fdiv.o(.text) for __aeabi_fdiv
    timer_1234.o(.text) refers to dfltui.o(.text) for __aeabi_ui2d
    timer_1234.o(.text) refers to dadd.o(.text) for __aeabi_dadd
    timer_1234.o(.text) refers to dmul.o(.text) for __aeabi_dmul
    timer_1234.o(.text) refers to timer_1234.o(.data) for Ptr_TIM1
    timer_1234.o(.text) refers to cdcmple.o(.text) for __aeabi_cdcmple
    timer_1234.o(.text) refers to cdrcmple.o(.text) for __aeabi_cdrcmple
    timer_1234.o(.text) refers to fflti.o(.text) for __aeabi_i2f
    timer_1234.o(.text) refers to ffixi.o(.text) for __aeabi_f2iz
    entry.o(.ARM.Collect$$$$00000000) refers (Special) to entry10a.o(.ARM.Collect$$$$0000000D) for __rt_final_cpp
    entry.o(.ARM.Collect$$$$00000000) refers (Special) to entry11a.o(.ARM.Collect$$$$0000000F) for __rt_final_exit
    entry.o(.ARM.Collect$$$$00000000) refers (Special) to entry7b.o(.ARM.Collect$$$$00000008) for _main_clock
    entry.o(.ARM.Collect$$$$00000000) refers (Special) to entry8b.o(.ARM.Collect$$$$0000000A) for _main_cpp_init
    entry.o(.ARM.Collect$$$$00000000) refers (Special) to entry9a.o(.ARM.Collect$$$$0000000B) for _main_init
    entry.o(.ARM.Collect$$$$00000000) refers (Special) to entry5.o(.ARM.Collect$$$$00000004) for _main_scatterload
    entry.o(.ARM.Collect$$$$00000000) refers (Special) to entry2.o(.ARM.Collect$$$$00000001) for _main_stk
    fadd.o(.text) refers (Special) to iusefp.o(.text) for __I$use$fp
    fadd.o(.text) refers to fepilogue.o(.text) for _float_epilogue
    fmul.o(.text) refers (Special) to iusefp.o(.text) for __I$use$fp
    fdiv.o(.text) refers (Special) to iusefp.o(.text) for __I$use$fp
    fdiv.o(.text) refers to fepilogue.o(.text) for _float_round
    dadd.o(.text) refers (Special) to iusefp.o(.text) for __I$use$fp
    dadd.o(.text) refers to llshl.o(.text) for __aeabi_llsl
    dadd.o(.text) refers to llsshr.o(.text) for __aeabi_lasr
    dadd.o(.text) refers to depilogue.o(.text) for _double_epilogue
    dmul.o(.text) refers (Special) to iusefp.o(.text) for __I$use$fp
    dmul.o(.text) refers to depilogue.o(.text) for _double_epilogue
    ddiv.o(.text) refers (Special) to iusefp.o(.text) for __I$use$fp
    ddiv.o(.text) refers to depilogue.o(.text) for _double_round
    fflti.o(.text) refers (Special) to iusefp.o(.text) for __I$use$fp
    fflti.o(.text) refers to fepilogue.o(.text) for _float_epilogue
    ffltui.o(.text) refers (Special) to iusefp.o(.text) for __I$use$fp
    ffltui.o(.text) refers to fepilogue.o(.text) for _float_epilogue
    dflti.o(.text) refers (Special) to iusefp.o(.text) for __I$use$fp
    dflti.o(.text) refers to depilogue.o(.text) for _double_epilogue
    dfltui.o(.text) refers (Special) to iusefp.o(.text) for __I$use$fp
    dfltui.o(.text) refers to depilogue.o(.text) for _double_epilogue
    ffixi.o(.text) refers (Special) to iusefp.o(.text) for __I$use$fp
    ffixui.o(.text) refers (Special) to iusefp.o(.text) for __I$use$fp
    f2d.o(.text) refers (Special) to iusefp.o(.text) for __I$use$fp
    cdcmple.o(.text) refers (Special) to iusefp.o(.text) for __I$use$fp
    cdrcmple.o(.text) refers (Special) to iusefp.o(.text) for __I$use$fp
    d2f.o(.text) refers (Special) to iusefp.o(.text) for __I$use$fp
    d2f.o(.text) refers to fepilogue.o(.text) for _float_round
    entry2.o(.ARM.Collect$$$$00000001) refers to entry2.o(.ARM.Collect$$$$00002712) for __lit__00000000
    entry2.o(.ARM.Collect$$$$00002712) refers to startup_stm32f10x_md.o(STACK) for __initial_sp
    entry2.o(__vectab_stack_and_reset_area) refers to startup_stm32f10x_md.o(STACK) for __initial_sp
    entry2.o(__vectab_stack_and_reset_area) refers to entry.o(.ARM.Collect$$$$00000000) for __main
    entry5.o(.ARM.Collect$$$$00000004) refers to init.o(.text) for __scatterload
    entry9a.o(.ARM.Collect$$$$0000000B) refers to main_user.o(i.main) for main
    entry9b.o(.ARM.Collect$$$$0000000C) refers to main_user.o(i.main) for main
    depilogue.o(.text) refers to llshl.o(.text) for __aeabi_llsl
    depilogue.o(.text) refers to llushr.o(.text) for __aeabi_llsr
    init.o(.text) refers to entry5.o(.ARM.Collect$$$$00000004) for __main_after_scatterload


==============================================================================

Removing Unused input sections from the image.

    Removing main_user.o(.rev16_text), (4 bytes).
    Removing main_user.o(.revsh_text), (4 bytes).
    Removing main_user.o(.rrx_text), (6 bytes).
    Removing main_user.o(i.wait), (26 bytes).
    Removing main_user.o(.bss), (6080 bytes).
    Removing table_cosinus_tri.o(.constdata), (216 bytes).
    Removing toolbox_nrj_v4.o(.rev16_text), (4 bytes).
    Removing toolbox_nrj_v4.o(.revsh_text), (4 bytes).
    Removing toolbox_nrj_v4.o(.rrx_text), (6 bytes).
    Removing toolbox_nrj_v4.o(i.Active_Voie_PWM), (132 bytes).
    Removing toolbox_nrj_v4.o(i.Conf_ADC), (24 bytes).
    Removing toolbox_nrj_v4.o(i.Conf_Generale_IO_Carte), (204 bytes).
    Removing toolbox_nrj_v4.o(i.Conf_IT_Principale_Systick), (48 bytes).
    Removing toolbox_nrj_v4.o(i.Desactive_Voie_PWM), (40 bytes).
    Removing toolbox_nrj_v4.o(i.I1), (84 bytes).
    Removing toolbox_nrj_v4.o(i.I2), (84 bytes).
    Removing toolbox_nrj_v4.o(i.I3), (84 bytes).
    Removing toolbox_nrj_v4.o(i.I4), (84 bytes).
    Removing toolbox_nrj_v4.o(i.Inv_Voie), (40 bytes).
    Removing toolbox_nrj_v4.o(i.Triangle), (84 bytes).
    Removing toolbox_nrj_v4.o(i.UpRamp), (72 bytes).
    Removing mppt.o(.rev16_text), (4 bytes).
    Removing mppt.o(.revsh_text), (4 bytes).
    Removing mppt.o(.rrx_text), (6 bytes).
    Removing mppt.o(i.Carrying_UpRamp), (72 bytes).
    Removing mppt.o(i.Deactivate_PWM), (36 bytes).
    Removing mppt.o(i.IT_Timer3), (2 bytes).
    Removing mppt.o(i.IT_Timer4), (2 bytes).
    Removing mppt.o(i.Output_Current), (128 bytes).
    Removing mppt.o(i.Output_Voltage), (76 bytes).
    Removing mppt.o(i.ParseMessage), (6 bytes).
    Removing mppt.o(i.Sensor_3), (84 bytes).
    Removing mppt.o(i.Sensor_4), (84 bytes).
    Removing clock.o(.rev16_text), (4 bytes).
    Removing clock.o(.revsh_text), (4 bytes).
    Removing clock.o(.rrx_text), (6 bytes).
    Removing clock.o(i.CLOCK_Configure), (160 bytes).
    Removing clock.o(i.CLOCK_GetPCLK1), (8 bytes).
    Removing clock.o(i.CLOCK_GetPCLK2), (8 bytes).
    Removing clock.o(i.CLOCK_HPRECompute), (120 bytes).
    Removing startup_stm32f10x_md.o(HEAP), (512 bytes).
    Removing system_stm32f10x.o(.rev16_text), (4 bytes).
    Removing system_stm32f10x.o(.revsh_text), (4 bytes).
    Removing system_stm32f10x.o(.rrx_text), (6 bytes).
    Removing system_stm32f10x.o(i.SystemCoreClockUpdate), (164 bytes).
    Removing system_stm32f10x.o(.data), (20 bytes).
    Removing timer_systick.o(.rev16_text), (4 bytes).
    Removing timer_systick.o(.revsh_text), (4 bytes).
    Removing gpio.o(.rev16_text), (4 bytes).
    Removing gpio.o(.revsh_text), (4 bytes).
    Removing adc_dma.o(.rev16_text), (4 bytes).
    Removing adc_dma.o(.revsh_text), (4 bytes).
    Removing timer_1234.o(.rev16_text), (4 bytes).
    Removing timer_1234.o(.revsh_text), (4 bytes).

54 unused section(s) (total 8886 bytes) removed from the image.

==============================================================================

Image Symbol Table

    Local Symbols

    Symbol Name                              Value     Ov Type        Size  Object(Section)

    ../../src/GPIO.c                         0x00000000   Number         0  gpio.o ABSOLUTE
    ../../src/Timer_Systick.c                0x00000000   Number         0  timer_systick.o ABSOLUTE
    ../clib/microlib/init/entry.s            0x00000000   Number         0  entry10a.o ABSOLUTE
    ../clib/microlib/init/entry.s            0x00000000   Number         0  entry10b.o ABSOLUTE
    ../clib/microlib/init/entry.s            0x00000000   Number         0  entry11a.o ABSOLUTE
    ../clib/microlib/init/entry.s            0x00000000   Number         0  entry2.o ABSOLUTE
    ../clib/microlib/init/entry.s            0x00000000   Number         0  entry.o ABSOLUTE
    ../clib/microlib/init/entry.s            0x00000000   Number         0  entry7a.o ABSOLUTE
    ../clib/microlib/init/entry.s            0x00000000   Number         0  entry5.o ABSOLUTE
    ../clib/microlib/init/entry.s            0x00000000   Number         0  entry7b.o ABSOLUTE
    ../clib/microlib/init/entry.s            0x00000000   Number         0  entry8a.o ABSOLUTE
    ../clib/microlib/init/entry.s            0x00000000   Number         0  entry11b.o ABSOLUTE
    ../clib/microlib/init/entry.s            0x00000000   Number         0  entry9b.o ABSOLUTE
    ../clib/microlib/init/entry.s            0x00000000   Number         0  entry8b.o ABSOLUTE
    ../clib/microlib/init/entry.s            0x00000000   Number         0  entry9a.o ABSOLUTE
    ../clib/microlib/longlong.c              0x00000000   Number         0  llsshr.o ABSOLUTE
    ../clib/microlib/longlong.c              0x00000000   Number         0  llshl.o ABSOLUTE
    ../clib/microlib/longlong.c              0x00000000   Number         0  llushr.o ABSOLUTE
    ../clib/microlib/stubs.s                 0x00000000   Number         0  iusefp.o ABSOLUTE
    ../fplib/microlib/d2f.c                  0x00000000   Number         0  d2f.o ABSOLUTE
    ../fplib/microlib/f2d.c                  0x00000000   Number         0  f2d.o ABSOLUTE
    ../fplib/microlib/fpadd.c                0x00000000   Number         0  fadd.o ABSOLUTE
    ../fplib/microlib/fpadd.c                0x00000000   Number         0  dadd.o ABSOLUTE
    ../fplib/microlib/fpdiv.c                0x00000000   Number         0  fdiv.o ABSOLUTE
    ../fplib/microlib/fpdiv.c                0x00000000   Number         0  ddiv.o ABSOLUTE
    ../fplib/microlib/fpepilogue.c           0x00000000   Number         0  depilogue.o ABSOLUTE
    ../fplib/microlib/fpepilogue.c           0x00000000   Number         0  fepilogue.o ABSOLUTE
    ../fplib/microlib/fpfix.c                0x00000000   Number         0  ffixi.o ABSOLUTE
    ../fplib/microlib/fpfix.c                0x00000000   Number         0  ffixui.o ABSOLUTE
    ../fplib/microlib/fpflt.c                0x00000000   Number         0  dfltui.o ABSOLUTE
    ../fplib/microlib/fpflt.c                0x00000000   Number         0  dflti.o ABSOLUTE
    ../fplib/microlib/fpflt.c                0x00000000   Number         0  fflti.o ABSOLUTE
    ../fplib/microlib/fpflt.c                0x00000000   Number         0  ffltui.o ABSOLUTE
    ../fplib/microlib/fpmul.c                0x00000000   Number         0  dmul.o ABSOLUTE
    ../fplib/microlib/fpmul.c                0x00000000   Number         0  fmul.o ABSOLUTE
    ..\..\src\ADC_DMA.c                      0x00000000   Number         0  adc_dma.o ABSOLUTE
    ..\..\src\GPIO.c                         0x00000000   Number         0  gpio.o ABSOLUTE
    ..\..\src\Timer_1234.c                   0x00000000   Number         0  timer_1234.o ABSOLUTE
    ..\..\src\Timer_Systick.c                0x00000000   Number         0  timer_systick.o ABSOLUTE
    ..\\..\\src\\ADC_DMA.c                   0x00000000   Number         0  adc_dma.o ABSOLUTE
    ..\\..\\src\\Timer_1234.c                0x00000000   Number         0  timer_1234.o ABSOLUTE
    Pilotes\\clock.c                         0x00000000   Number         0  clock.o ABSOLUTE
    Pilotes\clock.c                          0x00000000   Number         0  clock.o ABSOLUTE
    RTE\Device\STM32F103RB\startup_stm32f10x_md.s 0x00000000   Number         0  startup_stm32f10x_md.o ABSOLUTE
    RTE\Device\STM32F103RB\system_stm32f10x.c 0x00000000   Number         0  system_stm32f10x.o ABSOLUTE
    RTE\\Device\\STM32F103RB\\system_stm32f10x.c 0x00000000   Number         0  system_stm32f10x.o ABSOLUTE
    Service\MPPT.c                           0x00000000   Number         0  mppt.o ABSOLUTE
    Service\Table_Cosinus_Tri.c              0x00000000   Number         0  table_cosinus_tri.o ABSOLUTE
    Service\ToolBox_NRJ_V4.c                 0x00000000   Number         0  toolbox_nrj_v4.o ABSOLUTE
    Service\\MPPT.c                          0x00000000   Number         0  mppt.o ABSOLUTE
    Service\\ToolBox_NRJ_V4.c                0x00000000   Number         0  toolbox_nrj_v4.o ABSOLUTE
    cdcmple.s                                0x00000000   Number         0  cdcmple.o ABSOLUTE
    cdrcmple.s                               0x00000000   Number         0  cdrcmple.o ABSOLUTE
    dc.s                                     0x00000000   Number         0  dc.o ABSOLUTE
    handlers.s                               0x00000000   Number         0  handlers.o ABSOLUTE
    init.s                                   0x00000000   Number         0  init.o ABSOLUTE
    src\Main_User.c                          0x00000000   Number         0  main_user.o ABSOLUTE
    src\\Main_User.c                         0x00000000   Number         0  main_user.o ABSOLUTE
    RESET                                    0x08000000   Section      236  startup_stm32f10x_md.o(RESET)
    .ARM.Collect$$$$00000000                 0x080000ec   Section        0  entry.o(.ARM.Collect$$$$00000000)
    .ARM.Collect$$$$00000001                 0x080000ec   Section        4  entry2.o(.ARM.Collect$$$$00000001)
    .ARM.Collect$$$$00000004                 0x080000f0   Section        4  entry5.o(.ARM.Collect$$$$00000004)
    .ARM.Collect$$$$00000008                 0x080000f4   Section        0  entry7b.o(.ARM.Collect$$$$00000008)
    .ARM.Collect$$$$0000000A                 0x080000f4   Section        0  entry8b.o(.ARM.Collect$$$$0000000A)
    .ARM.Collect$$$$0000000B                 0x080000f4   Section        8  entry9a.o(.ARM.Collect$$$$0000000B)
    .ARM.Collect$$$$0000000D                 0x080000fc   Section        0  entry10a.o(.ARM.Collect$$$$0000000D)
    .ARM.Collect$$$$0000000F                 0x080000fc   Section        0  entry11a.o(.ARM.Collect$$$$0000000F)
    .ARM.Collect$$$$00002712                 0x080000fc   Section        4  entry2.o(.ARM.Collect$$$$00002712)
    __lit__00000000                          0x080000fc   Data           4  entry2.o(.ARM.Collect$$$$00002712)
    .text                                    0x08000100   Section       36  startup_stm32f10x_md.o(.text)
    .text                                    0x08000124   Section        0  timer_systick.o(.text)
    .text                                    0x0800025c   Section        0  gpio.o(.text)
    .text                                    0x080003dc   Section        0  adc_dma.o(.text)
    .text                                    0x08000b04   Section        0  timer_1234.o(.text)
    .text                                    0x08001c9c   Section        0  fadd.o(.text)
    .text                                    0x08001d4c   Section        0  fmul.o(.text)
    .text                                    0x08001db0   Section        0  fdiv.o(.text)
    .text                                    0x08001e2c   Section        0  dadd.o(.text)
    .text                                    0x08001f7a   Section        0  dmul.o(.text)
    .text                                    0x0800205e   Section        0  ddiv.o(.text)
    .text                                    0x0800213c   Section        0  fflti.o(.text)
    .text                                    0x0800214e   Section        0  ffltui.o(.text)
    .text                                    0x08002158   Section        0  dflti.o(.text)
    .text                                    0x0800217a   Section        0  dfltui.o(.text)
    .text                                    0x08002194   Section        0  ffixi.o(.text)
    .text                                    0x080021c6   Section        0  ffixui.o(.text)
    .text                                    0x080021ee   Section        0  f2d.o(.text)
    .text                                    0x08002214   Section       48  cdcmple.o(.text)
    .text                                    0x08002244   Section       48  cdrcmple.o(.text)
    .text                                    0x08002274   Section        0  d2f.o(.text)
    .text                                    0x080022ac   Section        0  llshl.o(.text)
    .text                                    0x080022ca   Section        0  llsshr.o(.text)
    .text                                    0x080022ee   Section        0  fepilogue.o(.text)
    .text                                    0x080022ee   Section        0  iusefp.o(.text)
    .text                                    0x0800235c   Section        0  depilogue.o(.text)
    .text                                    0x08002418   Section       36  init.o(.text)
    .text                                    0x0800243c   Section        0  llushr.o(.text)
    i.Activate_PWM                           0x0800245c   Section        0  mppt.o(i.Activate_PWM)
    i.CLOCK_GetADCCLK                        0x080024ac   Section        0  clock.o(i.CLOCK_GetADCCLK)
    i.CLOCK_GetHCLK                          0x080024b4   Section        0  clock.o(i.CLOCK_GetHCLK)
    i.CLOCK_GetTIMCLK                        0x080024bc   Section        0  clock.o(i.CLOCK_GetTIMCLK)
    i.Carrying_Triangle                      0x080024e0   Section        0  mppt.o(i.Carrying_Triangle)
    i.Configure_ADC                          0x08002534   Section        0  mppt.o(i.Configure_ADC)
    i.Configure_IT                           0x0800254c   Section        0  mppt.o(i.Configure_IT)
    i.Configure_Timer                        0x0800257c   Section        0  mppt.o(i.Configure_Timer)
    i.IT_Principale                          0x080025a0   Section        0  main_user.o(i.IT_Principale)
    i.Initialise_Olimex                      0x08002650   Section        0  mppt.o(i.Initialise_Olimex)
    i.Input_Current                          0x08002708   Section        0  mppt.o(i.Input_Current)
    i.Input_Voltage                          0x08002788   Section        0  mppt.o(i.Input_Voltage)
    i.Sensor_1                               0x080027d4   Section        0  mppt.o(i.Sensor_1)
    i.Sensor_2                               0x08002824   Section        0  mppt.o(i.Sensor_2)
    i.SetSysClock                            0x08002878   Section        0  system_stm32f10x.o(i.SetSysClock)
    SetSysClock                              0x08002879   Thumb Code     8  system_stm32f10x.o(i.SetSysClock)
    i.SetSysClockTo72                        0x08002880   Section        0  system_stm32f10x.o(i.SetSysClockTo72)
    SetSysClockTo72                          0x08002881   Thumb Code   214  system_stm32f10x.o(i.SetSysClockTo72)
    i.SystemInit                             0x08002960   Section        0  system_stm32f10x.o(i.SystemInit)
    i.__scatterload_copy                     0x080029c0   Section       14  handlers.o(i.__scatterload_copy)
    i.__scatterload_null                     0x080029ce   Section        2  handlers.o(i.__scatterload_null)
    i.__scatterload_zeroinit                 0x080029d0   Section       14  handlers.o(i.__scatterload_zeroinit)
    i.main                                   0x080029e0   Section        0  main_user.o(i.main)
    .data                                    0x20000000   Section       80  main_user.o(.data)
    .data                                    0x20000050   Section        6  toolbox_nrj_v4.o(.data)
    .data                                    0x20000058   Section        4  timer_systick.o(.data)
    Ptr_Systick                              0x20000058   Data           4  timer_systick.o(.data)
    .data                                    0x2000005c   Section       12  adc_dma.o(.data)
    Ptr_ADC1                                 0x2000005c   Data           4  adc_dma.o(.data)
    Ptr_ADC2                                 0x20000060   Data           4  adc_dma.o(.data)
    Ptr_DMA1                                 0x20000064   Data           4  adc_dma.o(.data)
    .data                                    0x20000068   Section      160  timer_1234.o(.data)
    Ptr_TIM1                                 0x20000068   Data           4  timer_1234.o(.data)
    Ptr_TIM2                                 0x2000006c   Data           4  timer_1234.o(.data)
    Ptr_TIM3                                 0x20000070   Data           4  timer_1234.o(.data)
    Ptr_TIM4                                 0x20000074   Data           4  timer_1234.o(.data)
    Ptr_TIM1_Voie1                           0x20000088   Data           4  timer_1234.o(.data)
    Ptr_TIM1_Voie2                           0x2000008c   Data           4  timer_1234.o(.data)
    Ptr_TIM1_Voie3                           0x20000090   Data           4  timer_1234.o(.data)
    Ptr_TIM1_Voie4                           0x20000094   Data           4  timer_1234.o(.data)
    Ptr_TIM2_Voie1                           0x20000098   Data           4  timer_1234.o(.data)
    Ptr_TIM2_Voie2                           0x2000009c   Data           4  timer_1234.o(.data)
    Ptr_TIM2_Voie3                           0x200000a0   Data           4  timer_1234.o(.data)
    Ptr_TIM2_Voie4                           0x200000a4   Data           4  timer_1234.o(.data)
    Ptr_TIM3_Voie1                           0x200000a8   Data           4  timer_1234.o(.data)
    Ptr_TIM3_Voie2                           0x200000ac   Data           4  timer_1234.o(.data)
    Ptr_TIM3_Voie3                           0x200000b0   Data           4  timer_1234.o(.data)
    Ptr_TIM3_Voie4                           0x200000b4   Data           4  timer_1234.o(.data)
    Ptr_TIM4_Voie1                           0x200000b8   Data           4  timer_1234.o(.data)
    Ptr_TIM4_Voie2                           0x200000bc   Data           4  timer_1234.o(.data)
    Ptr_TIM4_Voie3                           0x200000c0   Data           4  timer_1234.o(.data)
    Ptr_TIM4_Voie4                           0x200000c4   Data           4  timer_1234.o(.data)
    Duree_Pulse_T1                           0x200000c8   Data           8  timer_1234.o(.data)
    Duree_Pulse_T2                           0x200000d0   Data           8  timer_1234.o(.data)
    Duree_Pulse_T3                           0x200000d8   Data           8  timer_1234.o(.data)
    Duree_Pulse_T4                           0x200000e0   Data           8  timer_1234.o(.data)
    Date_T1                                  0x200000e8   Data           8  timer_1234.o(.data)
    Date_T2                                  0x200000f0   Data           8  timer_1234.o(.data)
    Date_T3                                  0x200000f8   Data           8  timer_1234.o(.data)
    Date_T4                                  0x20000100   Data           8  timer_1234.o(.data)
    .bss                                     0x20000108   Section       32  adc_dma.o(.bss)
    STACK                                    0x20000128   Section     1024  startup_stm32f10x_md.o(STACK)

    Global Symbols

    Symbol Name                              Value     Ov Type        Size  Object(Section)

    BuildAttributes$$THM_ISAv4$P$D$K$B$S$PE$A:L22UL41UL21$X:L11$S22US41US21$IEEE1$IW$USESV6$~STKCKD$USESV7$~SHL$OTIME$ROPI$EBA8$MICROLIB$REQ8$PRES8$EABIv2 0x00000000   Number         0  anon$$obj.o ABSOLUTE
    __ARM_use_no_argv                        0x00000000   Number         0  main_user.o ABSOLUTE
    __cpp_initialize__aeabi_                  - Undefined Weak Reference
    __cxa_finalize                            - Undefined Weak Reference
    __decompress                              - Undefined Weak Reference
    _clock_init                               - Undefined Weak Reference
    _microlib_exit                            - Undefined Weak Reference
    __Vectors_Size                           0x000000ec   Number         0  startup_stm32f10x_md.o ABSOLUTE
    __Vectors                                0x08000000   Data           4  startup_stm32f10x_md.o(RESET)
    __Vectors_End                            0x080000ec   Data           0  startup_stm32f10x_md.o(RESET)
    __main                                   0x080000ed   Thumb Code     0  entry.o(.ARM.Collect$$$$00000000)
    _main_stk                                0x080000ed   Thumb Code     0  entry2.o(.ARM.Collect$$$$00000001)
    _main_scatterload                        0x080000f1   Thumb Code     0  entry5.o(.ARM.Collect$$$$00000004)
    __main_after_scatterload                 0x080000f5   Thumb Code     0  entry5.o(.ARM.Collect$$$$00000004)
    _main_clock                              0x080000f5   Thumb Code     0  entry7b.o(.ARM.Collect$$$$00000008)
    _main_cpp_init                           0x080000f5   Thumb Code     0  entry8b.o(.ARM.Collect$$$$0000000A)
    _main_init                               0x080000f5   Thumb Code     0  entry9a.o(.ARM.Collect$$$$0000000B)
    __rt_final_cpp                           0x080000fd   Thumb Code     0  entry10a.o(.ARM.Collect$$$$0000000D)
    __rt_final_exit                          0x080000fd   Thumb Code     0  entry11a.o(.ARM.Collect$$$$0000000F)
    Reset_Handler                            0x08000101   Thumb Code     8  startup_stm32f10x_md.o(.text)
    NMI_Handler                              0x08000109   Thumb Code     2  startup_stm32f10x_md.o(.text)
    HardFault_Handler                        0x0800010b   Thumb Code     2  startup_stm32f10x_md.o(.text)
    MemManage_Handler                        0x0800010d   Thumb Code     2  startup_stm32f10x_md.o(.text)
    BusFault_Handler                         0x0800010f   Thumb Code     2  startup_stm32f10x_md.o(.text)
    UsageFault_Handler                       0x08000111   Thumb Code     2  startup_stm32f10x_md.o(.text)
    SVC_Handler                              0x08000113   Thumb Code     2  startup_stm32f10x_md.o(.text)
    DebugMon_Handler                         0x08000115   Thumb Code     2  startup_stm32f10x_md.o(.text)
    PendSV_Handler                           0x08000117   Thumb Code     2  startup_stm32f10x_md.o(.text)
    ADC1_2_IRQHandler                        0x0800011b   Thumb Code     0  startup_stm32f10x_md.o(.text)
    CAN1_RX1_IRQHandler                      0x0800011b   Thumb Code     0  startup_stm32f10x_md.o(.text)
    CAN1_SCE_IRQHandler                      0x0800011b   Thumb Code     0  startup_stm32f10x_md.o(.text)
    DMA1_Channel1_IRQHandler                 0x0800011b   Thumb Code     0  startup_stm32f10x_md.o(.text)
    DMA1_Channel2_IRQHandler                 0x0800011b   Thumb Code     0  startup_stm32f10x_md.o(.text)
    DMA1_Channel3_IRQHandler                 0x0800011b   Thumb Code     0  startup_stm32f10x_md.o(.text)
    DMA1_Channel4_IRQHandler                 0x0800011b   Thumb Code     0  startup_stm32f10x_md.o(.text)
    DMA1_Channel5_IRQHandler                 0x0800011b   Thumb Code     0  startup_stm32f10x_md.o(.text)
    DMA1_Channel6_IRQHandler                 0x0800011b   Thumb Code     0  startup_stm32f10x_md.o(.text)
    DMA1_Channel7_IRQHandler                 0x0800011b   Thumb Code     0  startup_stm32f10x_md.o(.text)
    EXTI0_IRQHandler                         0x0800011b   Thumb Code     0  startup_stm32f10x_md.o(.text)
    EXTI15_10_IRQHandler                     0x0800011b   Thumb Code     0  startup_stm32f10x_md.o(.text)
    EXTI1_IRQHandler                         0x0800011b   Thumb Code     0  startup_stm32f10x_md.o(.text)
    EXTI2_IRQHandler                         0x0800011b   Thumb Code     0  startup_stm32f10x_md.o(.text)
    EXTI3_IRQHandler                         0x0800011b   Thumb Code     0  startup_stm32f10x_md.o(.text)
    EXTI4_IRQHandler                         0x0800011b   Thumb Code     0  startup_stm32f10x_md.o(.text)
    EXTI9_5_IRQHandler                       0x0800011b   Thumb Code     0  startup_stm32f10x_md.o(.text)
    FLASH_IRQHandler                         0x0800011b   Thumb Code     0  startup_stm32f10x_md.o(.text)
    I2C1_ER_IRQHandler                       0x0800011b   Thumb Code     0  startup_stm32f10x_md.o(.text)
    I2C1_EV_IRQHandler                       0x0800011b   Thumb Code     0  startup_stm32f10x_md.o(.text)
    I2C2_ER_IRQHandler                       0x0800011b   Thumb Code     0  startup_stm32f10x_md.o(.text)
    I2C2_EV_IRQHandler                       0x0800011b   Thumb Code     0  startup_stm32f10x_md.o(.text)
    PVD_IRQHandler                           0x0800011b   Thumb Code     0  startup_stm32f10x_md.o(.text)
    RCC_IRQHandler                           0x0800011b   Thumb Code     0  startup_stm32f10x_md.o(.text)
    RTCAlarm_IRQHandler                      0x0800011b   Thumb Code     0  startup_stm32f10x_md.o(.text)
    RTC_IRQHandler                           0x0800011b   Thumb Code     0  startup_stm32f10x_md.o(.text)
    SPI1_IRQHandler                          0x0800011b   Thumb Code     0  startup_stm32f10x_md.o(.text)
    SPI2_IRQHandler                          0x0800011b   Thumb Code     0  startup_stm32f10x_md.o(.text)
    TAMPER_IRQHandler                        0x0800011b   Thumb Code     0  startup_stm32f10x_md.o(.text)
    TIM1_BRK_IRQHandler                      0x0800011b   Thumb Code     0  startup_stm32f10x_md.o(.text)
    TIM1_TRG_COM_IRQHandler                  0x0800011b   Thumb Code     0  startup_stm32f10x_md.o(.text)
    USART1_IRQHandler                        0x0800011b   Thumb Code     0  startup_stm32f10x_md.o(.text)
    USART2_IRQHandler                        0x0800011b   Thumb Code     0  startup_stm32f10x_md.o(.text)
    USART3_IRQHandler                        0x0800011b   Thumb Code     0  startup_stm32f10x_md.o(.text)
    USBWakeUp_IRQHandler                     0x0800011b   Thumb Code     0  startup_stm32f10x_md.o(.text)
    USB_HP_CAN1_TX_IRQHandler                0x0800011b   Thumb Code     0  startup_stm32f10x_md.o(.text)
    USB_LP_CAN1_RX0_IRQHandler               0x0800011b   Thumb Code     0  startup_stm32f10x_md.o(.text)
    WWDG_IRQHandler                          0x0800011b   Thumb Code     0  startup_stm32f10x_md.o(.text)
    Systick_Prio_IT                          0x08000125   Thumb Code    14  timer_systick.o(.text)
    Systick_Period                           0x08000133   Thumb Code   266  timer_systick.o(.text)
    SysTick_Handler                          0x0800023d   Thumb Code    10  timer_systick.o(.text)
    GPIO_Configure                           0x0800025d   Thumb Code   358  gpio.o(.text)
    Init_TimingADC_ActiveADC                 0x080003dd   Thumb Code   456  adc_dma.o(.text)
    Single_Channel_ADC                       0x080005a5   Thumb Code    16  adc_dma.o(.text)
    Init_Conversion_On_Trig_Timer            0x080005b5   Thumb Code   124  adc_dma.o(.text)
    Init_IT_ADC_EOC                          0x08000631   Thumb Code    48  adc_dma.o(.text)
    ADC_IRQHandler                           0x08000661   Thumb Code    64  adc_dma.o(.text)
    Init_IT_End_Of_DMA1                      0x080006a1   Thumb Code    36  adc_dma.o(.text)
    DMAChannel1_IRQHandler                   0x080006c5   Thumb Code    22  adc_dma.o(.text)
    Init_ADC1_DMA1                           0x080006db   Thumb Code    76  adc_dma.o(.text)
    Start_DMA1                               0x08000727   Thumb Code    26  adc_dma.o(.text)
    Wait_On_EOC_ADC                          0x08000741   Thumb Code    26  adc_dma.o(.text)
    Wait_On_End_Of_DMA1                      0x0800075b   Thumb Code    28  adc_dma.o(.text)
    Init_ADC1_DMA_Mult_Chan                  0x08000777   Thumb Code   820  adc_dma.o(.text)
    ADC_Lire_DMA                             0x08000aab   Thumb Code    10  adc_dma.o(.text)
    Timer_1234_Init                          0x08000b05   Thumb Code   330  timer_1234.o(.text)
    Active_IT_Debordement_Timer              0x08000c4f   Thumb Code   232  timer_1234.o(.text)
    Active_IT_Compare_Timer                  0x08000d37   Thumb Code   752  timer_1234.o(.text)
    PWM_Init                                 0x08001027   Thumb Code   246  timer_1234.o(.text)
    PWM_Complementaire_Timer1                0x0800111d   Thumb Code    60  timer_1234.o(.text)
    Timer_Inc_Init                           0x08001159   Thumb Code   180  timer_1234.o(.text)
    Capture_Init                             0x0800120d   Thumb Code   668  timer_1234.o(.text)
    TIM1_CC_IRQHandler                       0x080014a9   Thumb Code   386  timer_1234.o(.text)
    TIM1_UP_IRQHandler                       0x0800162b   Thumb Code    22  timer_1234.o(.text)
    TIM2_IRQHandler                          0x08001641   Thumb Code   570  timer_1234.o(.text)
    TIM3_IRQHandler                          0x0800187b   Thumb Code   428  timer_1234.o(.text)
    TIM4_IRQHandler                          0x08001a27   Thumb Code   428  timer_1234.o(.text)
    Lire_Duree_Pulse                         0x08001bd3   Thumb Code    84  timer_1234.o(.text)
    __aeabi_fadd                             0x08001c9d   Thumb Code   164  fadd.o(.text)
    __aeabi_fsub                             0x08001d41   Thumb Code     6  fadd.o(.text)
    __aeabi_frsub                            0x08001d47   Thumb Code     6  fadd.o(.text)
    __aeabi_fmul                             0x08001d4d   Thumb Code   100  fmul.o(.text)
    __aeabi_fdiv                             0x08001db1   Thumb Code   124  fdiv.o(.text)
    __aeabi_dadd                             0x08001e2d   Thumb Code   322  dadd.o(.text)
    __aeabi_dsub                             0x08001f6f   Thumb Code     6  dadd.o(.text)
    __aeabi_drsub                            0x08001f75   Thumb Code     6  dadd.o(.text)
    __aeabi_dmul                             0x08001f7b   Thumb Code   228  dmul.o(.text)
    __aeabi_ddiv                             0x0800205f   Thumb Code   222  ddiv.o(.text)
    __aeabi_i2f                              0x0800213d   Thumb Code    18  fflti.o(.text)
    __aeabi_ui2f                             0x0800214f   Thumb Code    10  ffltui.o(.text)
    __aeabi_i2d                              0x08002159   Thumb Code    34  dflti.o(.text)
    __aeabi_ui2d                             0x0800217b   Thumb Code    26  dfltui.o(.text)
    __aeabi_f2iz                             0x08002195   Thumb Code    50  ffixi.o(.text)
    __aeabi_f2uiz                            0x080021c7   Thumb Code    40  ffixui.o(.text)
    __aeabi_f2d                              0x080021ef   Thumb Code    38  f2d.o(.text)
    __aeabi_cdcmpeq                          0x08002215   Thumb Code     0  cdcmple.o(.text)
    __aeabi_cdcmple                          0x08002215   Thumb Code    48  cdcmple.o(.text)
    __aeabi_cdrcmple                         0x08002245   Thumb Code    48  cdrcmple.o(.text)
    __aeabi_d2f                              0x08002275   Thumb Code    56  d2f.o(.text)
    __aeabi_llsl                             0x080022ad   Thumb Code    30  llshl.o(.text)
    _ll_shift_l                              0x080022ad   Thumb Code     0  llshl.o(.text)
    __aeabi_lasr                             0x080022cb   Thumb Code    36  llsshr.o(.text)
    _ll_sshift_r                             0x080022cb   Thumb Code     0  llsshr.o(.text)
    __I$use$fp                               0x080022ef   Thumb Code     0  iusefp.o(.text)
    _float_round                             0x080022ef   Thumb Code    18  fepilogue.o(.text)
    _float_epilogue                          0x08002301   Thumb Code    92  fepilogue.o(.text)
    _double_round                            0x0800235d   Thumb Code    30  depilogue.o(.text)
    _double_epilogue                         0x0800237b   Thumb Code   156  depilogue.o(.text)
    __scatterload                            0x08002419   Thumb Code    28  init.o(.text)
    __scatterload_rt2                        0x08002419   Thumb Code     0  init.o(.text)
    __aeabi_llsr                             0x0800243d   Thumb Code    32  llushr.o(.text)
    _ll_ushift_r                             0x0800243d   Thumb Code     0  llushr.o(.text)
    Activate_PWM                             0x0800245d   Thumb Code    72  mppt.o(i.Activate_PWM)
    CLOCK_GetADCCLK                          0x080024ad   Thumb Code     4  clock.o(i.CLOCK_GetADCCLK)
    CLOCK_GetHCLK                            0x080024b5   Thumb Code     4  clock.o(i.CLOCK_GetHCLK)
    CLOCK_GetTIMCLK                          0x080024bd   Thumb Code    22  clock.o(i.CLOCK_GetTIMCLK)
    Carrying_Triangle                        0x080024e1   Thumb Code    74  mppt.o(i.Carrying_Triangle)
    Configure_ADC                            0x08002535   Thumb Code    20  mppt.o(i.Configure_ADC)
    Configure_IT                             0x0800254d   Thumb Code    48  mppt.o(i.Configure_IT)
    Configure_Timer                          0x0800257d   Thumb Code    20  mppt.o(i.Configure_Timer)
    IT_Principale                            0x080025a1   Thumb Code   134  main_user.o(i.IT_Principale)
    Initialise_Olimex                        0x08002651   Thumb Code   162  mppt.o(i.Initialise_Olimex)
    Input_Current                            0x08002709   Thumb Code   100  mppt.o(i.Input_Current)
    Input_Voltage                            0x08002789   Thumb Code    58  mppt.o(i.Input_Voltage)
    Sensor_1                                 0x080027d5   Thumb Code    74  mppt.o(i.Sensor_1)
    Sensor_2                                 0x08002825   Thumb Code    78  mppt.o(i.Sensor_2)
    SystemInit                               0x08002961   Thumb Code    78  system_stm32f10x.o(i.SystemInit)
    __scatterload_copy                       0x080029c1   Thumb Code    14  handlers.o(i.__scatterload_copy)
    __scatterload_null                       0x080029cf   Thumb Code     2  handlers.o(i.__scatterload_null)
    __scatterload_zeroinit                   0x080029d1   Thumb Code    14  handlers.o(i.__scatterload_zeroinit)
    main                                     0x080029e1   Thumb Code    72  main_user.o(i.main)
    Region$$Table$$Base                      0x08002a50   Number         0  anon$$obj.o(Region$$Table)
    Region$$Table$$Limit                     0x08002a70   Number         0  anon$$obj.o(Region$$Table)
    V_in                                     0x20000000   Data           4  main_user.o(.data)
    I_in                                     0x20000004   Data           4  main_user.o(.data)
    V_out                                    0x20000008   Data           4  main_user.o(.data)
    I_out                                    0x2000000c   Data           4  main_user.o(.data)
    V_in_aux                                 0x20000010   Data           4  main_user.o(.data)
    I_in_aux                                 0x20000014   Data           4  main_user.o(.data)
    duty_cycle                               0x20000018   Data           4  main_user.o(.data)
    Daux                                     0x2000001c   Data           4  main_user.o(.data)
    P_in                                     0x20000020   Data           4  main_user.o(.data)
    Dprev                                    0x20000024   Data           4  main_user.o(.data)
    Vprev                                    0x20000028   Data           4  main_user.o(.data)
    Pprev                                    0x2000002c   Data           4  main_user.o(.data)
    deltaD                                   0x20000030   Data           4  main_user.o(.data)
    i                                        0x20000034   Data           4  main_user.o(.data)
    lock_MPPT                                0x20000038   Data           4  main_user.o(.data)
    waiting                                  0x2000003c   Data           1  main_user.o(.data)
    del_ms                                   0x20000040   Data           4  main_user.o(.data)
    alpha                                    0x20000044   Data           4  main_user.o(.data)
    deltaAlpha                               0x20000048   Data           4  main_user.o(.data)
    tableIndex                               0x2000004c   Data           4  main_user.o(.data)
    Resolution                               0x20000050   Data           2  toolbox_nrj_v4.o(.data)
    Resolution_1                             0x20000052   Data           2  toolbox_nrj_v4.o(.data)
    Resolution_2_3                           0x20000054   Data           2  toolbox_nrj_v4.o(.data)
    Enable_Fct_IT_Compare_Match_TIM1_Voie1   0x20000078   Data           1  timer_1234.o(.data)
    Enable_Fct_IT_Compare_Match_TIM1_Voie2   0x20000079   Data           1  timer_1234.o(.data)
    Enable_Fct_IT_Compare_Match_TIM1_Voie3   0x2000007a   Data           1  timer_1234.o(.data)
    Enable_Fct_IT_Compare_Match_TIM1_Voie4   0x2000007b   Data           1  timer_1234.o(.data)
    Enable_Fct_IT_Compare_Match_TIM2_Voie1   0x2000007c   Data           1  timer_1234.o(.data)
    Enable_Fct_IT_Compare_Match_TIM2_Voie2   0x2000007d   Data           1  timer_1234.o(.data)
    Enable_Fct_IT_Compare_Match_TIM2_Voie3   0x2000007e   Data           1  timer_1234.o(.data)
    Enable_Fct_IT_Compare_Match_TIM2_Voie4   0x2000007f   Data           1  timer_1234.o(.data)
    Enable_Fct_IT_Compare_Match_TIM3_Voie1   0x20000080   Data           1  timer_1234.o(.data)
    Enable_Fct_IT_Compare_Match_TIM3_Voie2   0x20000081   Data           1  timer_1234.o(.data)
    Enable_Fct_IT_Compare_Match_TIM3_Voie3   0x20000082   Data           1  timer_1234.o(.data)
    Enable_Fct_IT_Compare_Match_TIM3_Voie4   0x20000083   Data           1  timer_1234.o(.data)
    Enable_Fct_IT_Compare_Match_TIM4_Voie1   0x20000084   Data           1  timer_1234.o(.data)
    Enable_Fct_IT_Compare_Match_TIM4_Voie2   0x20000085   Data           1  timer_1234.o(.data)
    Enable_Fct_IT_Compare_Match_TIM4_Voie3   0x20000086   Data           1  timer_1234.o(.data)
    Enable_Fct_IT_Compare_Match_TIM4_Voie4   0x20000087   Data           1  timer_1234.o(.data)
    Tab_Resu_ADC                             0x20000108   Data          32  adc_dma.o(.bss)
    __initial_sp                             0x20000528   Data           0  startup_stm32f10x_md.o(STACK)



==============================================================================

Memory Map of the image

  Image Entry point : 0x080000ed

  Load Region LR_IROM1 (Base: 0x08000000, Size: 0x00002b78, Max: 0x00020000, ABSOLUTE)

    Execution Region ER_IROM1 (Exec base: 0x08000000, Load base: 0x08000000, Size: 0x00002a70, Max: 0x00020000, ABSOLUTE)

    Exec Addr    Load Addr    Size         Type   Attr      Idx    E Section Name        Object

    0x08000000   0x08000000   0x000000ec   Data   RO          407    RESET               startup_stm32f10x_md.o
    0x080000ec   0x080000ec   0x00000000   Code   RO          579  * .ARM.Collect$$$$00000000  mc_w.l(entry.o)
    0x080000ec   0x080000ec   0x00000004   Code   RO          614    .ARM.Collect$$$$00000001  mc_w.l(entry2.o)
    0x080000f0   0x080000f0   0x00000004   Code   RO          617    .ARM.Collect$$$$00000004  mc_w.l(entry5.o)
    0x080000f4   0x080000f4   0x00000000   Code   RO          619    .ARM.Collect$$$$00000008  mc_w.l(entry7b.o)
    0x080000f4   0x080000f4   0x00000000   Code   RO          621    .ARM.Collect$$$$0000000A  mc_w.l(entry8b.o)
    0x080000f4   0x080000f4   0x00000008   Code   RO          622    .ARM.Collect$$$$0000000B  mc_w.l(entry9a.o)
    0x080000fc   0x080000fc   0x00000000   Code   RO          624    .ARM.Collect$$$$0000000D  mc_w.l(entry10a.o)
    0x080000fc   0x080000fc   0x00000000   Code   RO          626    .ARM.Collect$$$$0000000F  mc_w.l(entry11a.o)
    0x080000fc   0x080000fc   0x00000004   Code   RO          615    .ARM.Collect$$$$00002712  mc_w.l(entry2.o)
    0x08000100   0x08000100   0x00000024   Code   RO          408    .text               startup_stm32f10x_md.o
    0x08000124   0x08000124   0x00000138   Code   RO          460    .text               Drivers_STM32F103_107_Juin2017a.lib(timer_systick.o)
    0x0800025c   0x0800025c   0x00000180   Code   RO          505    .text               Drivers_STM32F103_107_Juin2017a.lib(gpio.o)
    0x080003dc   0x080003dc   0x00000728   Code   RO          528    .text               Drivers_STM32F103_107_Juin2017a.lib(adc_dma.o)
    0x08000b04   0x08000b04   0x00001198   Code   RO          558    .text               Drivers_STM32F103_107_Juin2017a.lib(timer_1234.o)
    0x08001c9c   0x08001c9c   0x000000b0   Code   RO          582    .text               mf_w.l(fadd.o)
    0x08001d4c   0x08001d4c   0x00000064   Code   RO          584    .text               mf_w.l(fmul.o)
    0x08001db0   0x08001db0   0x0000007c   Code   RO          586    .text               mf_w.l(fdiv.o)
    0x08001e2c   0x08001e2c   0x0000014e   Code   RO          588    .text               mf_w.l(dadd.o)
    0x08001f7a   0x08001f7a   0x000000e4   Code   RO          590    .text               mf_w.l(dmul.o)
    0x0800205e   0x0800205e   0x000000de   Code   RO          592    .text               mf_w.l(ddiv.o)
    0x0800213c   0x0800213c   0x00000012   Code   RO          594    .text               mf_w.l(fflti.o)
    0x0800214e   0x0800214e   0x0000000a   Code   RO          596    .text               mf_w.l(ffltui.o)
    0x08002158   0x08002158   0x00000022   Code   RO          598    .text               mf_w.l(dflti.o)
    0x0800217a   0x0800217a   0x0000001a   Code   RO          600    .text               mf_w.l(dfltui.o)
    0x08002194   0x08002194   0x00000032   Code   RO          602    .text               mf_w.l(ffixi.o)
    0x080021c6   0x080021c6   0x00000028   Code   RO          604    .text               mf_w.l(ffixui.o)
    0x080021ee   0x080021ee   0x00000026   Code   RO          606    .text               mf_w.l(f2d.o)
    0x08002214   0x08002214   0x00000030   Code   RO          608    .text               mf_w.l(cdcmple.o)
    0x08002244   0x08002244   0x00000030   Code   RO          610    .text               mf_w.l(cdrcmple.o)
    0x08002274   0x08002274   0x00000038   Code   RO          612    .text               mf_w.l(d2f.o)
    0x080022ac   0x080022ac   0x0000001e   Code   RO          628    .text               mc_w.l(llshl.o)
    0x080022ca   0x080022ca   0x00000024   Code   RO          630    .text               mc_w.l(llsshr.o)
    0x080022ee   0x080022ee   0x00000000   Code   RO          632    .text               mc_w.l(iusefp.o)
    0x080022ee   0x080022ee   0x0000006e   Code   RO          633    .text               mf_w.l(fepilogue.o)
    0x0800235c   0x0800235c   0x000000ba   Code   RO          635    .text               mf_w.l(depilogue.o)
    0x08002416   0x08002416   0x00000002   PAD
    0x08002418   0x08002418   0x00000024   Code   RO          637    .text               mc_w.l(init.o)
    0x0800243c   0x0800243c   0x00000020   Code   RO          639    .text               mc_w.l(llushr.o)
    0x0800245c   0x0800245c   0x00000050   Code   RO          201    i.Activate_PWM      mppt.o
    0x080024ac   0x080024ac   0x00000008   Code   RO          344    i.CLOCK_GetADCCLK   clock.o
    0x080024b4   0x080024b4   0x00000008   Code   RO          345    i.CLOCK_GetHCLK     clock.o
    0x080024bc   0x080024bc   0x00000024   Code   RO          348    i.CLOCK_GetTIMCLK   clock.o
    0x080024e0   0x080024e0   0x00000054   Code   RO          202    i.Carrying_Triangle  mppt.o
    0x08002534   0x08002534   0x00000018   Code   RO          204    i.Configure_ADC     mppt.o
    0x0800254c   0x0800254c   0x00000030   Code   RO          205    i.Configure_IT      mppt.o
    0x0800257c   0x0800257c   0x00000024   Code   RO          206    i.Configure_Timer   mppt.o
    0x080025a0   0x080025a0   0x000000b0   Code   RO            4    i.IT_Principale     main_user.o
    0x08002650   0x08002650   0x000000b8   Code   RO          210    i.Initialise_Olimex  mppt.o
    0x08002708   0x08002708   0x00000080   Code   RO          211    i.Input_Current     mppt.o
    0x08002788   0x08002788   0x0000004c   Code   RO          212    i.Input_Voltage     mppt.o
    0x080027d4   0x080027d4   0x00000050   Code   RO          216    i.Sensor_1          mppt.o
    0x08002824   0x08002824   0x00000054   Code   RO          217    i.Sensor_2          mppt.o
    0x08002878   0x08002878   0x00000008   Code   RO          415    i.SetSysClock       system_stm32f10x.o
    0x08002880   0x08002880   0x000000e0   Code   RO          416    i.SetSysClockTo72   system_stm32f10x.o
    0x08002960   0x08002960   0x00000060   Code   RO          418    i.SystemInit        system_stm32f10x.o
    0x080029c0   0x080029c0   0x0000000e   Code   RO          643    i.__scatterload_copy  mc_w.l(handlers.o)
    0x080029ce   0x080029ce   0x00000002   Code   RO          644    i.__scatterload_null  mc_w.l(handlers.o)
    0x080029d0   0x080029d0   0x0000000e   Code   RO          645    i.__scatterload_zeroinit  mc_w.l(handlers.o)
    0x080029de   0x080029de   0x00000002   PAD
    0x080029e0   0x080029e0   0x00000070   Code   RO            5    i.main              main_user.o
    0x08002a50   0x08002a50   0x00000020   Data   RO          641    Region$$Table       anon$$obj.o


    Execution Region RW_IRAM1 (Exec base: 0x20000000, Load base: 0x08002a70, Size: 0x00000528, Max: 0x00005000, ABSOLUTE)

    Exec Addr    Load Addr    Size         Type   Attr      Idx    E Section Name        Object

    0x20000000   0x08002a70   0x00000050   Data   RW            8    .data               main_user.o
    0x20000050   0x08002ac0   0x00000006   Data   RW          102    .data               toolbox_nrj_v4.o
    0x20000056   0x08002ac6   0x00000002   PAD
    0x20000058   0x08002ac8   0x00000004   Data   RW          461    .data               Drivers_STM32F103_107_Juin2017a.lib(timer_systick.o)
    0x2000005c   0x08002acc   0x0000000c   Data   RW          530    .data               Drivers_STM32F103_107_Juin2017a.lib(adc_dma.o)
    0x20000068   0x08002ad8   0x000000a0   Data   RW          559    .data               Drivers_STM32F103_107_Juin2017a.lib(timer_1234.o)
    0x20000108        -       0x00000020   Zero   RW          529    .bss                Drivers_STM32F103_107_Juin2017a.lib(adc_dma.o)
    0x20000128        -       0x00000400   Zero   RW          405    STACK               startup_stm32f10x_md.o


==============================================================================

Image component sizes


      Code (inc. data)   RO Data    RW Data    ZI Data      Debug   Object Name

        52         22          0          0          0       1404   clock.o
       288         82          0         80          0     208596   main_user.o
       824        118          0          0          0       4822   mppt.o
        36          8        236          0       1024        820   startup_stm32f10x_md.o
       328         28          0          0          0       2013   system_stm32f10x.o
         0          0          0          6          0        321   toolbox_nrj_v4.o

    ----------------------------------------------------------------------
      1528        258        268         88       1024     217976   Object Totals
         0          0         32          0          0          0   (incl. Generated)
         0          0          0          2          0          0   (incl. Padding)

    ----------------------------------------------------------------------

      Code (inc. data)   RO Data    RW Data    ZI Data      Debug   Library Member Name

      1832        198          0         12         32       4816   adc_dma.o
       384         26          0          0          0       1257   gpio.o
      4504        462          0        160          0       8410   timer_1234.o
       312         22          0          4          0     224233   timer_systick.o
         0          0          0          0          0          0   entry.o
         0          0          0          0          0          0   entry10a.o
         0          0          0          0          0          0   entry11a.o
         8          4          0          0          0          0   entry2.o
         4          0          0          0          0          0   entry5.o
         0          0          0          0          0          0   entry7b.o
         0          0          0          0          0          0   entry8b.o
         8          4          0          0          0          0   entry9a.o
        30          0          0          0          0          0   handlers.o
        36          8          0          0          0         68   init.o
         0          0          0          0          0          0   iusefp.o
        30          0          0          0          0         68   llshl.o
        36          0          0          0          0         68   llsshr.o
        32          0          0          0          0         68   llushr.o
        48          0          0          0          0         68   cdcmple.o
        48          0          0          0          0         68   cdrcmple.o
        56          0          0          0          0         88   d2f.o
       334          0          0          0          0        148   dadd.o
       222          0          0          0          0        100   ddiv.o
       186          0          0          0          0        176   depilogue.o
        34          0          0          0          0         76   dflti.o
        26          0          0          0          0         76   dfltui.o
       228          0          0          0          0         96   dmul.o
        38          0          0          0          0         68   f2d.o
       176          0          0          0          0        140   fadd.o
       124          0          0          0          0         88   fdiv.o
       110          0          0          0          0        168   fepilogue.o
        50          0          0          0          0         68   ffixi.o
        40          0          0          0          0         68   ffixui.o
        18          0          0          0          0         68   fflti.o
        10          0          0          0          0         68   ffltui.o
       100          0          0          0          0         76   fmul.o

    ----------------------------------------------------------------------
      9068        724          0        176         32     240696   Library Totals
         4          0          0          0          0          0   (incl. Padding)

    ----------------------------------------------------------------------

      Code (inc. data)   RO Data    RW Data    ZI Data      Debug   Library Name

      7032        708          0        176         32     238716   Drivers_STM32F103_107_Juin2017a.lib
       184         16          0          0          0        272   mc_w.l
      1848          0          0          0          0       1708   mf_w.l

    ----------------------------------------------------------------------
      9068        724          0        176         32     240696   Library Totals

    ----------------------------------------------------------------------

==============================================================================


      Code (inc. data)   RO Data    RW Data    ZI Data      Debug   

     10596        982        268        264       1056     456744   Grand Totals
     10596        982        268        264       1056     456744   ELF Image Totals
     10596        982        268        264          0          0   ROM Totals

==============================================================================

    Total RO  Size (Code + RO Data)                10864 (  10.61kB)
    Total RW  Size (RW Data + ZI Data)              1320 (   1.29kB)
    Total ROM Size (Code + RO Data + RW Data)      11128 (  10.87kB)

==============================================================================

